../Core/Src/main.c:122:6:jump_to_app	2
../Core/Src/main.c:154:10:crc32_update	4
../Core/Src/main.c:171:6:flash_write_state	1
../Core/Src/main.c:192:6:flash_finalize_header	4
../Core/Src/main.c:229:9:firmware_is_valid	6
../Core/Src/main.c:265:5:main	5
../Core/Src/main.c:399:6:SystemClock_Config	3
../Core/Src/main.c:441:13:MX_USART1_UART_Init	2
../Core/Src/main.c:474:13:MX_GPIO_Init	1
../Core/Src/main.c:505:9:calc_checksum	2
../Core/Src/main.c:523:9:receive_packet	4
../Core/Src/main.c:544:6:flash_erase	1
../Core/Src/main.c:561:6:flash_write	6
../Core/Src/main.c:599:6:Error_Handler	1
