../Core/Src/main.c:122:6:jump_to_app	24	static,ignoring_inline_asm
../Core/Src/main.c:154:10:crc32_update	32	static
../Core/Src/main.c:171:6:flash_write_state	32	static
../Core/Src/main.c:192:6:flash_finalize_header	56	static
../Core/Src/main.c:229:9:firmware_is_valid	24	static
../Core/Src/main.c:265:5:main	8	static
../Core/Src/main.c:399:6:SystemClock_Config	88	static
../Core/Src/main.c:441:13:MX_USART1_UART_Init	8	static
../Core/Src/main.c:474:13:MX_GPIO_Init	40	static
../Core/Src/main.c:505:9:calc_checksum	24	static
../Core/Src/main.c:523:9:receive_packet	8	static
../Core/Src/main.c:544:6:flash_erase	32	static
../Core/Src/main.c:561:6:flash_write	40	static
../Core/Src/main.c:599:6:Error_Handler	4	static,ignoring_inline_asm
